mode: set
github.com/VantageDataChat/GoWord/ooxml/read_document.go:13.43,15.16 2 1
github.com/VantageDataChat/GoWord/ooxml/read_document.go:15.16,17.3 1 0
github.com/VantageDataChat/GoWord/ooxml/read_document.go:19.2,24.6 4 1
github.com/VantageDataChat/GoWord/ooxml/read_document.go:24.6,26.20 2 1
github.com/VantageDataChat/GoWord/ooxml/read_document.go:26.20,27.9 1 1
github.com/VantageDataChat/GoWord/ooxml/read_document.go:29.3,29.17 1 1
github.com/VantageDataChat/GoWord/ooxml/read_document.go:29.17,31.4 1 0
github.com/VantageDataChat/GoWord/ooxml/read_document.go:33.3,33.26 1 1
github.com/VantageDataChat/GoWord/ooxml/read_document.go:34.25,36.11 2 1
github.com/VantageDataChat/GoWord/ooxml/read_document.go:37.29,38.18 1 1
github.com/VantageDataChat/GoWord/ooxml/read_document.go:39.36,41.19 2 1
github.com/VantageDataChat/GoWord/ooxml/read_document.go:41.19,43.6 1 0
github.com/VantageDataChat/GoWord/ooxml/read_document.go:44.5,44.17 1 1
github.com/VantageDataChat/GoWord/ooxml/read_document.go:44.17,46.6 1 1
github.com/VantageDataChat/GoWord/ooxml/read_document.go:47.38,49.19 2 1
github.com/VantageDataChat/GoWord/ooxml/read_document.go:49.19,51.6 1 0
github.com/VantageDataChat/GoWord/ooxml/read_document.go:52.5,52.19 1 1
github.com/VantageDataChat/GoWord/ooxml/read_document.go:52.19,54.6 1 1
github.com/VantageDataChat/GoWord/ooxml/read_document.go:55.41,56.42 1 1
github.com/VantageDataChat/GoWord/ooxml/read_document.go:58.23,59.30 1 1
github.com/VantageDataChat/GoWord/ooxml/read_document.go:59.30,61.5 1 1
github.com/VantageDataChat/GoWord/ooxml/read_document.go:65.2,65.12 1 1
github.com/VantageDataChat/GoWord/ooxml/read_document.go:68.111,72.6 3 1
github.com/VantageDataChat/GoWord/ooxml/read_document.go:72.6,74.17 2 1
github.com/VantageDataChat/GoWord/ooxml/read_document.go:74.17,76.4 1 0
github.com/VantageDataChat/GoWord/ooxml/read_document.go:78.3,78.26 1 1
github.com/VantageDataChat/GoWord/ooxml/read_document.go:79.25,81.24 2 1
github.com/VantageDataChat/GoWord/ooxml/read_document.go:82.18,83.33 1 1
github.com/VantageDataChat/GoWord/ooxml/read_document.go:83.33,84.34 1 1
github.com/VantageDataChat/GoWord/ooxml/read_document.go:84.34,86.7 1 1
github.com/VantageDataChat/GoWord/ooxml/read_document.go:88.14,89.33 1 1
github.com/VantageDataChat/GoWord/ooxml/read_document.go:89.33,90.34 1 1
github.com/VantageDataChat/GoWord/ooxml/read_document.go:90.34,92.7 1 1
github.com/VantageDataChat/GoWord/ooxml/read_document.go:94.13,96.19 2 1
github.com/VantageDataChat/GoWord/ooxml/read_document.go:96.19,98.6 1 0
github.com/VantageDataChat/GoWord/ooxml/read_document.go:99.5,99.19 1 1
github.com/VantageDataChat/GoWord/ooxml/read_document.go:99.19,102.6 2 1
github.com/VantageDataChat/GoWord/ooxml/read_document.go:103.21,106.19 3 1
github.com/VantageDataChat/GoWord/ooxml/read_document.go:106.19,108.6 1 0
github.com/VantageDataChat/GoWord/ooxml/read_document.go:109.5,109.32 1 1
github.com/VantageDataChat/GoWord/ooxml/read_document.go:109.32,114.6 3 1
github.com/VantageDataChat/GoWord/ooxml/read_document.go:115.5,115.12 1 1
github.com/VantageDataChat/GoWord/ooxml/read_document.go:117.23,119.18 2 1
github.com/VantageDataChat/GoWord/ooxml/read_document.go:119.18,121.5 1 1
github.com/VantageDataChat/GoWord/ooxml/read_document.go:126.75,130.6 3 1
github.com/VantageDataChat/GoWord/ooxml/read_document.go:130.6,132.17 2 1
github.com/VantageDataChat/GoWord/ooxml/read_document.go:132.17,134.4 1 0
github.com/VantageDataChat/GoWord/ooxml/read_document.go:136.3,136.26 1 1
github.com/VantageDataChat/GoWord/ooxml/read_document.go:137.25,139.24 2 1
github.com/VantageDataChat/GoWord/ooxml/read_document.go:140.13,142.19 2 1
github.com/VantageDataChat/GoWord/ooxml/read_document.go:142.19,144.6 1 0
github.com/VantageDataChat/GoWord/ooxml/read_document.go:145.5,146.12 2 1
github.com/VantageDataChat/GoWord/ooxml/read_document.go:147.14,148.21 1 1
github.com/VantageDataChat/GoWord/ooxml/read_document.go:149.13,150.26 1 1
github.com/VantageDataChat/GoWord/ooxml/read_document.go:151.13,152.28 1 1
github.com/VantageDataChat/GoWord/ooxml/read_document.go:153.13,155.33 2 1
github.com/VantageDataChat/GoWord/ooxml/read_document.go:155.33,156.34 1 1
github.com/VantageDataChat/GoWord/ooxml/read_document.go:156.34,158.7 1 1
github.com/VantageDataChat/GoWord/ooxml/read_document.go:160.18,161.35 1 1
github.com/VantageDataChat/GoWord/ooxml/read_document.go:162.17,163.33 1 1
github.com/VantageDataChat/GoWord/ooxml/read_document.go:163.33,164.34 1 1
github.com/VantageDataChat/GoWord/ooxml/read_document.go:164.34,166.7 1 1
github.com/VantageDataChat/GoWord/ooxml/read_document.go:168.14,169.33 1 1
github.com/VantageDataChat/GoWord/ooxml/read_document.go:169.33,170.34 1 1
github.com/VantageDataChat/GoWord/ooxml/read_document.go:170.34,171.58 1 1
github.com/VantageDataChat/GoWord/ooxml/read_document.go:171.58,173.8 1 1
github.com/VantageDataChat/GoWord/ooxml/read_document.go:176.18,177.33 1 1
github.com/VantageDataChat/GoWord/ooxml/read_document.go:177.33,178.36 1 1
github.com/VantageDataChat/GoWord/ooxml/read_document.go:178.36,180.7 1 1
github.com/VantageDataChat/GoWord/ooxml/read_document.go:182.18,183.33 1 1
github.com/VantageDataChat/GoWord/ooxml/read_document.go:183.33,184.34 1 1
github.com/VantageDataChat/GoWord/ooxml/read_document.go:184.34,186.7 1 1
github.com/VantageDataChat/GoWord/ooxml/read_document.go:188.21,189.33 1 1
github.com/VantageDataChat/GoWord/ooxml/read_document.go:189.33,190.34 1 1
github.com/VantageDataChat/GoWord/ooxml/read_document.go:190.34,191.25 1 1
github.com/VantageDataChat/GoWord/ooxml/read_document.go:192.26,193.36 1 1
github.com/VantageDataChat/GoWord/ooxml/read_document.go:194.24,195.34 1 1
github.com/VantageDataChat/GoWord/ooxml/read_document.go:199.16,200.29 1 1
github.com/VantageDataChat/GoWord/ooxml/read_document.go:201.21,202.31 1 1
github.com/VantageDataChat/GoWord/ooxml/read_document.go:204.23,206.18 2 1
github.com/VantageDataChat/GoWord/ooxml/read_document.go:206.18,208.5 1 1
github.com/VantageDataChat/GoWord/ooxml/read_document.go:213.85,215.34 2 1
github.com/VantageDataChat/GoWord/ooxml/read_document.go:215.34,216.30 1 1
github.com/VantageDataChat/GoWord/ooxml/read_document.go:216.30,217.44 1 1
github.com/VantageDataChat/GoWord/ooxml/read_document.go:217.44,219.5 1 1
github.com/VantageDataChat/GoWord/ooxml/read_document.go:220.4,220.24 1 1
github.com/VantageDataChat/GoWord/ooxml/read_document.go:223.2,223.10 1 1
github.com/VantageDataChat/GoWord/ooxml/read_document.go:226.88,230.6 3 1
github.com/VantageDataChat/GoWord/ooxml/read_document.go:230.6,232.17 2 1
github.com/VantageDataChat/GoWord/ooxml/read_document.go:232.17,234.4 1 0
github.com/VantageDataChat/GoWord/ooxml/read_document.go:236.3,236.26 1 1
github.com/VantageDataChat/GoWord/ooxml/read_document.go:237.25,239.27 2 1
github.com/VantageDataChat/GoWord/ooxml/read_document.go:239.27,241.19 2 1
github.com/VantageDataChat/GoWord/ooxml/read_document.go:241.19,243.6 1 0
github.com/VantageDataChat/GoWord/ooxml/read_document.go:244.5,245.12 2 1
github.com/VantageDataChat/GoWord/ooxml/read_document.go:247.23,249.18 2 1
github.com/VantageDataChat/GoWord/ooxml/read_document.go:249.18,251.5 1 1
github.com/VantageDataChat/GoWord/ooxml/read_document.go:256.79,260.6 3 1
github.com/VantageDataChat/GoWord/ooxml/read_document.go:260.6,262.17 2 1
github.com/VantageDataChat/GoWord/ooxml/read_document.go:262.17,264.4 1 0
github.com/VantageDataChat/GoWord/ooxml/read_document.go:266.3,266.26 1 1
github.com/VantageDataChat/GoWord/ooxml/read_document.go:267.25,269.28 2 1
github.com/VantageDataChat/GoWord/ooxml/read_document.go:269.28,271.19 2 1
github.com/VantageDataChat/GoWord/ooxml/read_document.go:271.19,273.6 1 0
github.com/VantageDataChat/GoWord/ooxml/read_document.go:274.5,275.12 2 1
github.com/VantageDataChat/GoWord/ooxml/read_document.go:277.23,279.18 2 1
github.com/VantageDataChat/GoWord/ooxml/read_document.go:279.18,281.5 1 1
github.com/VantageDataChat/GoWord/ooxml/read_document.go:286.80,290.6 3 1
github.com/VantageDataChat/GoWord/ooxml/read_document.go:290.6,292.17 2 1
github.com/VantageDataChat/GoWord/ooxml/read_document.go:292.17,294.4 1 0
github.com/VantageDataChat/GoWord/ooxml/read_document.go:296.3,296.26 1 1
github.com/VantageDataChat/GoWord/ooxml/read_document.go:297.25,299.28 2 1
github.com/VantageDataChat/GoWord/ooxml/read_document.go:299.28,301.19 2 1
github.com/VantageDataChat/GoWord/ooxml/read_document.go:301.19,303.6 1 0
github.com/VantageDataChat/GoWord/ooxml/read_document.go:304.5,305.12 2 1
github.com/VantageDataChat/GoWord/ooxml/read_document.go:307.23,309.18 2 1
github.com/VantageDataChat/GoWord/ooxml/read_document.go:309.18,311.5 1 1
github.com/VantageDataChat/GoWord/ooxml/read_document.go:316.82,320.6 3 1
github.com/VantageDataChat/GoWord/ooxml/read_document.go:320.6,322.17 2 1
github.com/VantageDataChat/GoWord/ooxml/read_document.go:322.17,324.4 1 0
github.com/VantageDataChat/GoWord/ooxml/read_document.go:326.3,326.26 1 1
github.com/VantageDataChat/GoWord/ooxml/read_document.go:327.25,329.24 2 1
github.com/VantageDataChat/GoWord/ooxml/read_document.go:330.13,332.19 2 1
github.com/VantageDataChat/GoWord/ooxml/read_document.go:332.19,334.6 1 0
github.com/VantageDataChat/GoWord/ooxml/read_document.go:335.5,335.17 1 1
github.com/VantageDataChat/GoWord/ooxml/read_document.go:335.17,337.6 1 1
github.com/VantageDataChat/GoWord/ooxml/read_document.go:338.5,338.12 1 1
github.com/VantageDataChat/GoWord/ooxml/read_document.go:339.20,340.33 1 1
github.com/VantageDataChat/GoWord/ooxml/read_document.go:340.33,341.34 1 1
github.com/VantageDataChat/GoWord/ooxml/read_document.go:341.34,342.57 1 1
github.com/VantageDataChat/GoWord/ooxml/read_document.go:342.57,344.8 1 1
github.com/VantageDataChat/GoWord/ooxml/read_document.go:347.18,349.33 2 1
github.com/VantageDataChat/GoWord/ooxml/read_document.go:349.33,350.34 1 1
github.com/VantageDataChat/GoWord/ooxml/read_document.go:350.34,352.7 1 1
github.com/VantageDataChat/GoWord/ooxml/read_document.go:354.15,355.33 1 1
github.com/VantageDataChat/GoWord/ooxml/read_document.go:355.33,356.32 1 1
github.com/VantageDataChat/GoWord/ooxml/read_document.go:356.32,357.57 1 1
github.com/VantageDataChat/GoWord/ooxml/read_document.go:357.57,359.8 1 1
github.com/VantageDataChat/GoWord/ooxml/read_document.go:362.15,364.33 2 1
github.com/VantageDataChat/GoWord/ooxml/read_document.go:364.33,365.29 1 1
github.com/VantageDataChat/GoWord/ooxml/read_document.go:366.18,367.32 1 1
github.com/VantageDataChat/GoWord/ooxml/read_document.go:368.19,369.33 1 1
github.com/VantageDataChat/GoWord/ooxml/read_document.go:370.17,371.35 1 1
github.com/VantageDataChat/GoWord/ooxml/read_document.go:374.5,374.33 1 1
github.com/VantageDataChat/GoWord/ooxml/read_document.go:376.23,378.18 2 1
github.com/VantageDataChat/GoWord/ooxml/read_document.go:378.18,380.5 1 1
github.com/VantageDataChat/GoWord/ooxml/read_document.go:385.89,387.6 2 1
github.com/VantageDataChat/GoWord/ooxml/read_document.go:387.6,389.17 2 1
github.com/VantageDataChat/GoWord/ooxml/read_document.go:389.17,391.4 1 0
github.com/VantageDataChat/GoWord/ooxml/read_document.go:393.3,393.26 1 1
github.com/VantageDataChat/GoWord/ooxml/read_document.go:394.25,396.24 2 1
github.com/VantageDataChat/GoWord/ooxml/read_document.go:397.16,398.33 1 1
github.com/VantageDataChat/GoWord/ooxml/read_document.go:398.33,399.29 1 1
github.com/VantageDataChat/GoWord/ooxml/read_document.go:400.15,401.57 1 1
github.com/VantageDataChat/GoWord/ooxml/read_document.go:401.57,403.8 1 1
github.com/VantageDataChat/GoWord/ooxml/read_document.go:404.15,405.57 1 1
github.com/VantageDataChat/GoWord/ooxml/read_document.go:405.57,407.8 1 1
github.com/VantageDataChat/GoWord/ooxml/read_document.go:408.20,409.41 1 1
github.com/VantageDataChat/GoWord/ooxml/read_document.go:412.17,413.33 1 1
github.com/VantageDataChat/GoWord/ooxml/read_document.go:413.33,414.29 1 1
github.com/VantageDataChat/GoWord/ooxml/read_document.go:415.17,416.57 1 1
github.com/VantageDataChat/GoWord/ooxml/read_document.go:416.57,418.8 1 1
github.com/VantageDataChat/GoWord/ooxml/read_document.go:419.20,420.57 1 1
github.com/VantageDataChat/GoWord/ooxml/read_document.go:420.57,422.8 1 1
github.com/VantageDataChat/GoWord/ooxml/read_document.go:423.18,424.57 1 1
github.com/VantageDataChat/GoWord/ooxml/read_document.go:424.57,426.8 1 1
github.com/VantageDataChat/GoWord/ooxml/read_document.go:427.19,428.57 1 1
github.com/VantageDataChat/GoWord/ooxml/read_document.go:428.57,430.8 1 1
github.com/VantageDataChat/GoWord/ooxml/read_document.go:433.16,434.33 1 1
github.com/VantageDataChat/GoWord/ooxml/read_document.go:434.33,435.34 1 1
github.com/VantageDataChat/GoWord/ooxml/read_document.go:435.34,436.57 1 1
github.com/VantageDataChat/GoWord/ooxml/read_document.go:436.57,438.8 1 1
github.com/VantageDataChat/GoWord/ooxml/read_document.go:442.23,444.18 2 1
github.com/VantageDataChat/GoWord/ooxml/read_document.go:444.18,446.5 1 1
github.com/VantageDataChat/GoWord/ooxml/read_document.go:451.57,453.6 2 1
github.com/VantageDataChat/GoWord/ooxml/read_document.go:453.6,455.17 2 1
github.com/VantageDataChat/GoWord/ooxml/read_document.go:455.17,457.4 1 0
github.com/VantageDataChat/GoWord/ooxml/read_document.go:458.3,458.26 1 1
github.com/VantageDataChat/GoWord/ooxml/read_document.go:459.21,460.17 1 1
github.com/VantageDataChat/GoWord/ooxml/read_document.go:461.23,462.29 1 1
github.com/VantageDataChat/GoWord/ooxml/read_document.go:467.43,469.2 1 1
github.com/VantageDataChat/GoWord/ooxml/read_properties.go:22.49,24.16 2 1
github.com/VantageDataChat/GoWord/ooxml/read_properties.go:24.16,26.3 1 0
github.com/VantageDataChat/GoWord/ooxml/read_properties.go:28.2,29.52 2 1
github.com/VantageDataChat/GoWord/ooxml/read_properties.go:29.52,31.3 1 0
github.com/VantageDataChat/GoWord/ooxml/read_properties.go:33.2,42.25 9 1
github.com/VantageDataChat/GoWord/ooxml/read_properties.go:42.25,43.68 1 1
github.com/VantageDataChat/GoWord/ooxml/read_properties.go:43.68,45.4 1 1
github.com/VantageDataChat/GoWord/ooxml/read_properties.go:47.2,47.26 1 1
github.com/VantageDataChat/GoWord/ooxml/read_properties.go:47.26,48.69 1 1
github.com/VantageDataChat/GoWord/ooxml/read_properties.go:48.69,50.4 1 1
github.com/VantageDataChat/GoWord/ooxml/read_properties.go:53.2,53.12 1 1
github.com/VantageDataChat/GoWord/ooxml/read_rels.go:19.39,23.16 3 1
github.com/VantageDataChat/GoWord/ooxml/read_rels.go:23.16,25.3 1 0
github.com/VantageDataChat/GoWord/ooxml/read_rels.go:27.2,28.51 2 1
github.com/VantageDataChat/GoWord/ooxml/read_rels.go:28.51,30.3 1 0
github.com/VantageDataChat/GoWord/ooxml/read_rels.go:32.2,32.40 1 1
github.com/VantageDataChat/GoWord/ooxml/read_rels.go:32.40,34.3 1 1
github.com/VantageDataChat/GoWord/ooxml/read_rels.go:36.2,36.12 1 1
github.com/VantageDataChat/GoWord/ooxml/read_rels.go:39.63,40.30 1 1
github.com/VantageDataChat/GoWord/ooxml/read_rels.go:40.30,41.21 1 1
github.com/VantageDataChat/GoWord/ooxml/read_rels.go:41.21,43.18 2 1
github.com/VantageDataChat/GoWord/ooxml/read_rels.go:43.18,45.5 1 0
github.com/VantageDataChat/GoWord/ooxml/read_rels.go:46.4,47.22 2 1
github.com/VantageDataChat/GoWord/ooxml/read_rels.go:50.2,50.25 1 0
github.com/VantageDataChat/GoWord/ooxml/read_rels.go:57.47,57.81 1 1
github.com/VantageDataChat/GoWord/ooxml/reader.go:13.52,15.16 2 1
github.com/VantageDataChat/GoWord/ooxml/reader.go:15.16,17.3 1 1
github.com/VantageDataChat/GoWord/ooxml/reader.go:18.2,18.28 1 1
github.com/VantageDataChat/GoWord/ooxml/reader.go:22.61,24.16 2 1
github.com/VantageDataChat/GoWord/ooxml/reader.go:24.16,26.3 1 1
github.com/VantageDataChat/GoWord/ooxml/reader.go:28.2,33.22 2 1
github.com/VantageDataChat/GoWord/ooxml/reader.go:42.57,44.37 1 1
github.com/VantageDataChat/GoWord/ooxml/reader.go:44.37,46.3 1 0
github.com/VantageDataChat/GoWord/ooxml/reader.go:49.2,49.47 1 1
github.com/VantageDataChat/GoWord/ooxml/reader.go:49.47,52.3 1 0
github.com/VantageDataChat/GoWord/ooxml/reader.go:55.2,55.41 1 1
github.com/VantageDataChat/GoWord/ooxml/reader.go:55.41,57.3 1 0
github.com/VantageDataChat/GoWord/ooxml/reader.go:59.2,59.19 1 1
github.com/VantageDataChat/GoWord/ooxml/write_content_types.go:8.44,19.32 7 1
github.com/VantageDataChat/GoWord/ooxml/write_content_types.go:19.32,21.3 1 1
github.com/VantageDataChat/GoWord/ooxml/write_content_types.go:24.2,30.38 6 1
github.com/VantageDataChat/GoWord/ooxml/write_content_types.go:30.38,32.3 1 1
github.com/VantageDataChat/GoWord/ooxml/write_content_types.go:33.2,33.32 1 1
github.com/VantageDataChat/GoWord/ooxml/write_content_types.go:33.32,35.3 1 1
github.com/VantageDataChat/GoWord/ooxml/write_content_types.go:36.2,36.31 1 1
github.com/VantageDataChat/GoWord/ooxml/write_content_types.go:36.31,38.3 1 1
github.com/VantageDataChat/GoWord/ooxml/write_content_types.go:39.2,39.31 1 1
github.com/VantageDataChat/GoWord/ooxml/write_content_types.go:39.31,41.3 1 1
github.com/VantageDataChat/GoWord/ooxml/write_content_types.go:44.2,44.31 1 1
github.com/VantageDataChat/GoWord/ooxml/write_content_types.go:44.31,46.3 1 1
github.com/VantageDataChat/GoWord/ooxml/write_content_types.go:47.2,47.31 1 1
github.com/VantageDataChat/GoWord/ooxml/write_content_types.go:47.31,49.3 1 1
github.com/VantageDataChat/GoWord/ooxml/write_content_types.go:51.2,52.64 2 1
github.com/VantageDataChat/GoWord/ooxml/write_content_types.go:55.52,58.37 3 1
github.com/VantageDataChat/GoWord/ooxml/write_content_types.go:58.37,60.25 2 1
github.com/VantageDataChat/GoWord/ooxml/write_content_types.go:60.25,62.4 1 1
github.com/VantageDataChat/GoWord/ooxml/write_content_types.go:62.9,62.30 1 1
github.com/VantageDataChat/GoWord/ooxml/write_content_types.go:62.30,64.20 2 1
github.com/VantageDataChat/GoWord/ooxml/write_content_types.go:64.20,66.5 1 1
github.com/VantageDataChat/GoWord/ooxml/write_content_types.go:68.3,68.30 1 1
github.com/VantageDataChat/GoWord/ooxml/write_content_types.go:68.30,71.4 2 1
github.com/VantageDataChat/GoWord/ooxml/write_content_types.go:73.2,73.13 1 1
github.com/VantageDataChat/GoWord/ooxml/write_content_types.go:76.37,77.38 1 1
github.com/VantageDataChat/GoWord/ooxml/write_content_types.go:77.38,78.21 1 1
github.com/VantageDataChat/GoWord/ooxml/write_content_types.go:78.21,80.4 1 1
github.com/VantageDataChat/GoWord/ooxml/write_content_types.go:82.2,82.11 1 1
github.com/VantageDataChat/GoWord/ooxml/write_document.go:8.40,15.37 5 1
github.com/VantageDataChat/GoWord/ooxml/write_document.go:15.37,16.37 1 1
github.com/VantageDataChat/GoWord/ooxml/write_document.go:16.37,18.4 1 1
github.com/VantageDataChat/GoWord/ooxml/write_document.go:20.3,20.64 1 1
github.com/VantageDataChat/GoWord/ooxml/write_document.go:23.2,25.62 3 1
github.com/VantageDataChat/GoWord/ooxml/write_elements.go:10.77,11.26 1 1
github.com/VantageDataChat/GoWord/ooxml/write_elements.go:12.27,13.25 1 1
github.com/VantageDataChat/GoWord/ooxml/write_elements.go:14.25,15.23 1 1
github.com/VantageDataChat/GoWord/ooxml/write_elements.go:16.27,17.25 1 1
github.com/VantageDataChat/GoWord/ooxml/write_elements.go:18.27,19.22 1 1
github.com/VantageDataChat/GoWord/ooxml/write_elements.go:20.27,21.25 1 1
github.com/VantageDataChat/GoWord/ooxml/write_elements.go:22.23,23.21 1 1
github.com/VantageDataChat/GoWord/ooxml/write_elements.go:24.23,25.21 1 1
github.com/VantageDataChat/GoWord/ooxml/write_elements.go:26.26,27.24 1 1
github.com/VantageDataChat/GoWord/ooxml/write_elements.go:28.26,29.27 1 1
github.com/VantageDataChat/GoWord/ooxml/write_elements.go:30.25,31.26 1 1
github.com/VantageDataChat/GoWord/ooxml/write_elements.go:32.26,33.24 1 0
github.com/VantageDataChat/GoWord/ooxml/write_elements.go:34.29,35.27 1 1
github.com/VantageDataChat/GoWord/ooxml/write_elements.go:36.25,37.26 1 1
github.com/VantageDataChat/GoWord/ooxml/write_elements.go:38.30,39.28 1 1
github.com/VantageDataChat/GoWord/ooxml/write_elements.go:40.21,41.19 1 1
github.com/VantageDataChat/GoWord/ooxml/write_elements.go:42.26,43.24 1 1
github.com/VantageDataChat/GoWord/ooxml/write_elements.go:44.22,45.20 1 1
github.com/VantageDataChat/GoWord/ooxml/write_elements.go:49.76,52.15 3 1
github.com/VantageDataChat/GoWord/ooxml/write_elements.go:52.15,54.3 1 1
github.com/VantageDataChat/GoWord/ooxml/write_elements.go:55.2,55.29 1 1
github.com/VantageDataChat/GoWord/ooxml/write_elements.go:55.29,57.3 1 1
github.com/VantageDataChat/GoWord/ooxml/write_elements.go:58.2,58.25 1 1
github.com/VantageDataChat/GoWord/ooxml/write_elements.go:61.64,62.13 1 1
github.com/VantageDataChat/GoWord/ooxml/write_elements.go:62.13,65.3 2 1
github.com/VantageDataChat/GoWord/ooxml/write_elements.go:66.2,67.23 2 1
github.com/VantageDataChat/GoWord/ooxml/write_elements.go:67.23,69.3 1 1
github.com/VantageDataChat/GoWord/ooxml/write_elements.go:69.8,71.16 2 1
github.com/VantageDataChat/GoWord/ooxml/write_elements.go:71.16,73.4 1 1
github.com/VantageDataChat/GoWord/ooxml/write_elements.go:75.2,76.25 2 1
github.com/VantageDataChat/GoWord/ooxml/write_elements2.go:12.68,13.16 1 1
github.com/VantageDataChat/GoWord/ooxml/write_elements2.go:13.16,15.3 1 1
github.com/VantageDataChat/GoWord/ooxml/write_elements2.go:17.2,17.98 1 1
github.com/VantageDataChat/GoWord/ooxml/write_elements2.go:17.98,19.3 1 1
github.com/VantageDataChat/GoWord/ooxml/write_elements2.go:19.8,21.3 1 1
github.com/VantageDataChat/GoWord/ooxml/write_elements2.go:22.2,23.25 2 1
github.com/VantageDataChat/GoWord/ooxml/write_elements2.go:26.73,29.15 3 1
github.com/VantageDataChat/GoWord/ooxml/write_elements2.go:29.15,31.3 1 1
github.com/VantageDataChat/GoWord/ooxml/write_elements2.go:32.2,32.35 1 1
github.com/VantageDataChat/GoWord/ooxml/write_elements2.go:32.35,33.27 1 1
github.com/VantageDataChat/GoWord/ooxml/write_elements2.go:34.28,36.31 1 1
github.com/VantageDataChat/GoWord/ooxml/write_elements2.go:36.31,38.5 1 1
github.com/VantageDataChat/GoWord/ooxml/write_elements2.go:39.28,40.32 1 1
github.com/VantageDataChat/GoWord/ooxml/write_elements2.go:41.28,42.33 1 1
github.com/VantageDataChat/GoWord/ooxml/write_elements2.go:42.33,44.5 1 1
github.com/VantageDataChat/GoWord/ooxml/write_elements2.go:45.24,46.28 1 1
github.com/VantageDataChat/GoWord/ooxml/write_elements2.go:47.27,48.28 1 1
github.com/VantageDataChat/GoWord/ooxml/write_elements2.go:49.26,50.27 1 1
github.com/VantageDataChat/GoWord/ooxml/write_elements2.go:51.27,52.25 1 1
github.com/VantageDataChat/GoWord/ooxml/write_elements2.go:55.2,55.25 1 1
github.com/VantageDataChat/GoWord/ooxml/write_elements2.go:58.77,59.32 1 1
github.com/VantageDataChat/GoWord/ooxml/write_elements2.go:59.32,61.39 2 1
github.com/VantageDataChat/GoWord/ooxml/write_elements2.go:61.39,62.22 1 1
github.com/VantageDataChat/GoWord/ooxml/write_elements2.go:62.22,64.5 1 1
github.com/VantageDataChat/GoWord/ooxml/write_elements2.go:66.3,66.26 1 1
github.com/VantageDataChat/GoWord/ooxml/write_elements2.go:70.53,72.2 1 1
github.com/VantageDataChat/GoWord/ooxml/write_elements2.go:74.76,87.2 11 1
github.com/VantageDataChat/GoWord/ooxml/write_elements2.go:90.70,91.14 1 1
github.com/VantageDataChat/GoWord/ooxml/write_elements2.go:91.14,93.3 1 0
github.com/VantageDataChat/GoWord/ooxml/write_elements2.go:94.2,94.18 1 1
github.com/VantageDataChat/GoWord/ooxml/write_elements2.go:94.18,96.3 1 0
github.com/VantageDataChat/GoWord/ooxml/write_elements2.go:97.2,97.12 1 1
github.com/VantageDataChat/GoWord/ooxml/write_elements2.go:97.12,99.3 1 1
github.com/VantageDataChat/GoWord/ooxml/write_elements2.go:100.2,100.14 1 1
github.com/VantageDataChat/GoWord/ooxml/write_elements2.go:100.14,102.3 1 0
github.com/VantageDataChat/GoWord/ooxml/write_elements2.go:103.2,103.21 1 1
github.com/VantageDataChat/GoWord/ooxml/write_elements2.go:103.21,105.3 1 0
github.com/VantageDataChat/GoWord/ooxml/write_elements2.go:106.2,106.27 1 1
github.com/VantageDataChat/GoWord/ooxml/write_elements2.go:106.27,108.3 1 0
github.com/VantageDataChat/GoWord/ooxml/write_elements2.go:109.2,109.48 1 1
github.com/VantageDataChat/GoWord/ooxml/write_elements2.go:109.48,111.3 1 0
github.com/VantageDataChat/GoWord/ooxml/write_elements2.go:112.2,112.19 1 1
github.com/VantageDataChat/GoWord/ooxml/write_elements2.go:112.19,114.3 1 0
github.com/VantageDataChat/GoWord/ooxml/write_elements2.go:115.2,115.16 1 1
github.com/VantageDataChat/GoWord/ooxml/write_elements2.go:115.16,119.3 3 0
github.com/VantageDataChat/GoWord/ooxml/write_elements2.go:122.82,130.2 7 1
github.com/VantageDataChat/GoWord/ooxml/write_elements3.go:11.70,15.2 3 1
github.com/VantageDataChat/GoWord/ooxml/write_elements3.go:17.76,19.16 2 1
github.com/VantageDataChat/GoWord/ooxml/write_elements3.go:19.16,21.3 1 1
github.com/VantageDataChat/GoWord/ooxml/write_elements3.go:22.2,23.17 2 1
github.com/VantageDataChat/GoWord/ooxml/write_elements3.go:23.17,25.3 1 1
github.com/VantageDataChat/GoWord/ooxml/write_elements3.go:27.2,46.25 19 1
github.com/VantageDataChat/GoWord/ooxml/write_elements3.go:49.68,54.23 3 1
github.com/VantageDataChat/GoWord/ooxml/write_elements3.go:54.23,56.3 1 1
github.com/VantageDataChat/GoWord/ooxml/write_elements3.go:57.2,58.18 2 1
github.com/VantageDataChat/GoWord/ooxml/write_elements3.go:58.18,60.18 2 1
github.com/VantageDataChat/GoWord/ooxml/write_elements3.go:60.18,62.4 1 1
github.com/VantageDataChat/GoWord/ooxml/write_elements3.go:63.3,63.80 1 1
github.com/VantageDataChat/GoWord/ooxml/write_elements3.go:64.8,66.3 1 1
github.com/VantageDataChat/GoWord/ooxml/write_elements3.go:67.2,67.24 1 1
github.com/VantageDataChat/GoWord/ooxml/write_elements3.go:67.24,69.3 1 1
github.com/VantageDataChat/GoWord/ooxml/write_elements3.go:70.2,72.21 3 1
github.com/VantageDataChat/GoWord/ooxml/write_elements3.go:72.21,74.3 1 1
github.com/VantageDataChat/GoWord/ooxml/write_elements3.go:75.2,78.21 2 1
github.com/VantageDataChat/GoWord/ooxml/write_elements3.go:78.21,80.31 2 1
github.com/VantageDataChat/GoWord/ooxml/write_elements3.go:80.31,82.4 1 1
github.com/VantageDataChat/GoWord/ooxml/write_elements3.go:83.3,83.32 1 1
github.com/VantageDataChat/GoWord/ooxml/write_elements3.go:87.2,87.29 1 1
github.com/VantageDataChat/GoWord/ooxml/write_elements3.go:87.29,89.3 1 1
github.com/VantageDataChat/GoWord/ooxml/write_elements3.go:91.2,91.27 1 1
github.com/VantageDataChat/GoWord/ooxml/write_elements4.go:11.78,13.79 1 1
github.com/VantageDataChat/GoWord/ooxml/write_elements4.go:13.79,15.3 1 1
github.com/VantageDataChat/GoWord/ooxml/write_elements4.go:16.2,23.34 8 1
github.com/VantageDataChat/GoWord/ooxml/write_elements4.go:26.78,27.19 1 1
github.com/VantageDataChat/GoWord/ooxml/write_elements4.go:27.19,29.3 1 0
github.com/VantageDataChat/GoWord/ooxml/write_elements4.go:30.2,31.64 1 1
github.com/VantageDataChat/GoWord/ooxml/write_elements4.go:34.82,35.108 1 1
github.com/VantageDataChat/GoWord/ooxml/write_elements4.go:35.108,37.3 1 1
github.com/VantageDataChat/GoWord/ooxml/write_elements4.go:38.2,39.26 2 1
github.com/VantageDataChat/GoWord/ooxml/write_elements4.go:39.26,41.3 1 1
github.com/VantageDataChat/GoWord/ooxml/write_elements4.go:42.2,42.27 1 1
github.com/VantageDataChat/GoWord/ooxml/write_elements4.go:42.27,44.3 1 1
github.com/VantageDataChat/GoWord/ooxml/write_elements4.go:45.2,45.29 1 1
github.com/VantageDataChat/GoWord/ooxml/write_elements4.go:45.29,47.3 1 1
github.com/VantageDataChat/GoWord/ooxml/write_elements4.go:48.2,48.28 1 1
github.com/VantageDataChat/GoWord/ooxml/write_elements4.go:48.28,50.3 1 1
github.com/VantageDataChat/GoWord/ooxml/write_elements4.go:51.2,51.34 1 1
github.com/VantageDataChat/GoWord/ooxml/write_elements4.go:54.71,59.50 3 1
github.com/VantageDataChat/GoWord/ooxml/write_elements4.go:59.50,61.20 2 1
github.com/VantageDataChat/GoWord/ooxml/write_elements4.go:61.20,63.18 2 1
github.com/VantageDataChat/GoWord/ooxml/write_elements4.go:63.18,65.5 1 1
github.com/VantageDataChat/GoWord/ooxml/write_elements4.go:66.4,66.88 1 1
github.com/VantageDataChat/GoWord/ooxml/write_elements4.go:68.3,68.18 1 1
github.com/VantageDataChat/GoWord/ooxml/write_elements4.go:68.18,70.4 1 1
github.com/VantageDataChat/GoWord/ooxml/write_elements4.go:71.3,71.19 1 1
github.com/VantageDataChat/GoWord/ooxml/write_elements4.go:71.19,73.4 1 1
github.com/VantageDataChat/GoWord/ooxml/write_elements4.go:74.3,74.29 1 1
github.com/VantageDataChat/GoWord/ooxml/write_elements4.go:77.2,77.33 1 1
github.com/VantageDataChat/GoWord/ooxml/write_elements4.go:77.33,79.3 1 1
github.com/VantageDataChat/GoWord/ooxml/write_elements4.go:81.2,81.26 1 1
github.com/VantageDataChat/GoWord/ooxml/write_elements5.go:12.74,18.18 4 1
github.com/VantageDataChat/GoWord/ooxml/write_elements5.go:18.18,20.18 2 1
github.com/VantageDataChat/GoWord/ooxml/write_elements5.go:20.18,22.4 1 1
github.com/VantageDataChat/GoWord/ooxml/write_elements5.go:23.3,23.79 1 1
github.com/VantageDataChat/GoWord/ooxml/write_elements5.go:25.2,25.21 1 1
github.com/VantageDataChat/GoWord/ooxml/write_elements5.go:25.21,27.3 1 1
github.com/VantageDataChat/GoWord/ooxml/write_elements5.go:28.2,28.21 1 1
github.com/VantageDataChat/GoWord/ooxml/write_elements5.go:28.21,29.29 1 1
github.com/VantageDataChat/GoWord/ooxml/write_elements5.go:29.29,31.4 1 1
github.com/VantageDataChat/GoWord/ooxml/write_elements5.go:31.9,33.4 1 1
github.com/VantageDataChat/GoWord/ooxml/write_elements5.go:35.2,35.21 1 1
github.com/VantageDataChat/GoWord/ooxml/write_elements5.go:35.21,37.3 1 1
github.com/VantageDataChat/GoWord/ooxml/write_elements5.go:38.2,38.23 1 1
github.com/VantageDataChat/GoWord/ooxml/write_elements5.go:38.23,41.3 1 1
github.com/VantageDataChat/GoWord/ooxml/write_elements5.go:42.2,42.28 1 1
github.com/VantageDataChat/GoWord/ooxml/write_elements5.go:42.28,44.3 1 1
github.com/VantageDataChat/GoWord/ooxml/write_elements5.go:45.2,45.15 1 1
github.com/VantageDataChat/GoWord/ooxml/write_elements5.go:45.15,47.3 1 1
github.com/VantageDataChat/GoWord/ooxml/write_elements5.go:48.2,52.29 3 1
github.com/VantageDataChat/GoWord/ooxml/write_elements5.go:52.29,54.3 1 1
github.com/VantageDataChat/GoWord/ooxml/write_elements5.go:54.8,55.38 1 1
github.com/VantageDataChat/GoWord/ooxml/write_elements5.go:55.38,57.4 1 1
github.com/VantageDataChat/GoWord/ooxml/write_elements5.go:60.2,60.26 1 1
github.com/VantageDataChat/GoWord/ooxml/write_elements5.go:63.64,64.100 1 1
github.com/VantageDataChat/GoWord/ooxml/write_elements5.go:64.100,66.3 1 1
github.com/VantageDataChat/GoWord/ooxml/write_elements5.go:67.2,72.33 6 1
github.com/VantageDataChat/GoWord/ooxml/write_elements5.go:75.75,83.24 6 1
github.com/VantageDataChat/GoWord/ooxml/write_elements5.go:83.24,87.24 3 1
github.com/VantageDataChat/GoWord/ooxml/write_elements5.go:87.24,89.4 1 1
github.com/VantageDataChat/GoWord/ooxml/write_elements5.go:90.3,91.32 2 1
github.com/VantageDataChat/GoWord/ooxml/write_elements5.go:91.32,92.28 1 1
github.com/VantageDataChat/GoWord/ooxml/write_elements5.go:92.28,94.10 2 1
github.com/VantageDataChat/GoWord/ooxml/write_elements5.go:98.2,104.15 6 1
github.com/VantageDataChat/GoWord/ooxml/write_elements5.go:104.15,106.3 1 1
github.com/VantageDataChat/GoWord/ooxml/write_elements5.go:107.2,109.25 3 1
github.com/VantageDataChat/GoWord/ooxml/write_elements5.go:112.78,117.2 4 1
github.com/VantageDataChat/GoWord/ooxml/write_elements5.go:119.76,124.2 4 1
github.com/VantageDataChat/GoWord/ooxml/write_elements5.go:126.75,129.2 2 1
github.com/VantageDataChat/GoWord/ooxml/write_elements5.go:131.81,133.2 1 1
github.com/VantageDataChat/GoWord/ooxml/write_elements5.go:135.75,139.2 3 1
github.com/VantageDataChat/GoWord/ooxml/write_elements5.go:141.83,144.15 3 1
github.com/VantageDataChat/GoWord/ooxml/write_elements5.go:144.15,146.3 1 1
github.com/VantageDataChat/GoWord/ooxml/write_elements5.go:149.2,150.29 2 1
github.com/VantageDataChat/GoWord/ooxml/write_elements5.go:150.29,151.19 1 1
github.com/VantageDataChat/GoWord/ooxml/write_elements5.go:151.19,154.17 3 1
github.com/VantageDataChat/GoWord/ooxml/write_elements5.go:154.17,156.5 1 1
github.com/VantageDataChat/GoWord/ooxml/write_elements5.go:157.4,163.64 7 1
github.com/VantageDataChat/GoWord/ooxml/write_elements5.go:164.9,167.17 3 1
github.com/VantageDataChat/GoWord/ooxml/write_elements5.go:167.17,169.5 1 1
github.com/VantageDataChat/GoWord/ooxml/write_elements5.go:170.4,171.27 2 1
github.com/VantageDataChat/GoWord/ooxml/write_elements5.go:174.2,174.25 1 1
github.com/VantageDataChat/GoWord/ooxml/write_elements5.go:182.52,184.6 2 1
github.com/VantageDataChat/GoWord/ooxml/write_elements5.go:184.6,186.18 2 1
github.com/VantageDataChat/GoWord/ooxml/write_elements5.go:186.18,187.18 1 1
github.com/VantageDataChat/GoWord/ooxml/write_elements5.go:187.18,189.5 1 1
github.com/VantageDataChat/GoWord/ooxml/write_elements5.go:190.4,190.9 1 1
github.com/VantageDataChat/GoWord/ooxml/write_elements5.go:192.3,193.16 2 1
github.com/VantageDataChat/GoWord/ooxml/write_elements5.go:193.16,195.9 2 0
github.com/VantageDataChat/GoWord/ooxml/write_elements5.go:197.3,199.16 2 1
github.com/VantageDataChat/GoWord/ooxml/write_elements5.go:199.16,201.4 1 1
github.com/VantageDataChat/GoWord/ooxml/write_elements5.go:202.3,204.22 3 1
github.com/VantageDataChat/GoWord/ooxml/write_elements5.go:206.2,206.14 1 1
github.com/VantageDataChat/GoWord/ooxml/write_elements5.go:209.66,211.15 2 1
github.com/VantageDataChat/GoWord/ooxml/write_elements5.go:211.15,213.3 1 1
github.com/VantageDataChat/GoWord/ooxml/write_elements5.go:214.2,215.15 2 1
github.com/VantageDataChat/GoWord/ooxml/write_elements5.go:215.15,217.3 1 1
github.com/VantageDataChat/GoWord/ooxml/write_elements5.go:219.2,225.25 7 1
github.com/VantageDataChat/GoWord/ooxml/write_elements5.go:228.75,231.15 3 1
github.com/VantageDataChat/GoWord/ooxml/write_elements5.go:231.15,233.3 1 1
github.com/VantageDataChat/GoWord/ooxml/write_elements5.go:234.2,240.16 7 1
github.com/VantageDataChat/GoWord/ooxml/write_elements5.go:240.16,242.3 1 1
github.com/VantageDataChat/GoWord/ooxml/write_elements5.go:243.2,249.19 7 1
github.com/VantageDataChat/GoWord/ooxml/write_elements5.go:249.19,252.16 3 1
github.com/VantageDataChat/GoWord/ooxml/write_elements5.go:252.16,254.4 1 1
github.com/VantageDataChat/GoWord/ooxml/write_elements5.go:255.3,256.26 2 1
github.com/VantageDataChat/GoWord/ooxml/write_elements5.go:258.2,258.25 1 1
github.com/VantageDataChat/GoWord/ooxml/write_elements5.go:261.66,267.17 5 1
github.com/VantageDataChat/GoWord/ooxml/write_elements5.go:267.17,269.3 1 1
github.com/VantageDataChat/GoWord/ooxml/write_elements5.go:270.2,271.17 2 1
github.com/VantageDataChat/GoWord/ooxml/write_elements5.go:271.17,273.3 1 1
github.com/VantageDataChat/GoWord/ooxml/write_elements5.go:274.2,278.25 4 1
github.com/VantageDataChat/GoWord/ooxml/write_footnotes.go:8.41,10.25 2 1
github.com/VantageDataChat/GoWord/ooxml/write_footnotes.go:10.25,12.3 1 1
github.com/VantageDataChat/GoWord/ooxml/write_footnotes.go:14.2,26.31 10 1
github.com/VantageDataChat/GoWord/ooxml/write_footnotes.go:26.31,28.36 2 1
github.com/VantageDataChat/GoWord/ooxml/write_footnotes.go:28.36,30.4 1 1
github.com/VantageDataChat/GoWord/ooxml/write_footnotes.go:31.3,31.33 1 1
github.com/VantageDataChat/GoWord/ooxml/write_footnotes.go:34.2,35.63 2 1
github.com/VantageDataChat/GoWord/ooxml/write_footnotes.go:38.40,40.24 2 1
github.com/VantageDataChat/GoWord/ooxml/write_footnotes.go:40.24,42.3 1 1
github.com/VantageDataChat/GoWord/ooxml/write_footnotes.go:44.2,56.30 10 1
github.com/VantageDataChat/GoWord/ooxml/write_footnotes.go:56.30,58.36 2 1
github.com/VantageDataChat/GoWord/ooxml/write_footnotes.go:58.36,60.4 1 1
github.com/VantageDataChat/GoWord/ooxml/write_footnotes.go:61.3,61.32 1 1
github.com/VantageDataChat/GoWord/ooxml/write_footnotes.go:64.2,65.62 2 1
github.com/VantageDataChat/GoWord/ooxml/write_footnotes.go:68.40,70.24 2 1
github.com/VantageDataChat/GoWord/ooxml/write_footnotes.go:70.24,72.3 1 1
github.com/VantageDataChat/GoWord/ooxml/write_footnotes.go:74.2,78.29 4 1
github.com/VantageDataChat/GoWord/ooxml/write_footnotes.go:78.29,81.19 2 1
github.com/VantageDataChat/GoWord/ooxml/write_footnotes.go:81.19,85.4 3 1
github.com/VantageDataChat/GoWord/ooxml/write_footnotes.go:86.3,86.35 1 1
github.com/VantageDataChat/GoWord/ooxml/write_footnotes.go:86.35,88.4 1 0
github.com/VantageDataChat/GoWord/ooxml/write_footnotes.go:89.3,89.32 1 1
github.com/VantageDataChat/GoWord/ooxml/write_footnotes.go:92.2,93.62 2 1
github.com/VantageDataChat/GoWord/ooxml/write_images.go:9.38,10.37 1 1
github.com/VantageDataChat/GoWord/ooxml/write_images.go:10.37,14.24 3 1
github.com/VantageDataChat/GoWord/ooxml/write_images.go:14.24,17.4 2 1
github.com/VantageDataChat/GoWord/ooxml/write_images.go:17.9,17.30 1 1
github.com/VantageDataChat/GoWord/ooxml/write_images.go:17.30,20.18 3 1
github.com/VantageDataChat/GoWord/ooxml/write_images.go:20.18,22.5 1 1
github.com/VantageDataChat/GoWord/ooxml/write_images.go:23.4,24.20 2 1
github.com/VantageDataChat/GoWord/ooxml/write_images.go:24.20,26.5 1 1
github.com/VantageDataChat/GoWord/ooxml/write_images.go:27.4,27.26 1 1
github.com/VantageDataChat/GoWord/ooxml/write_images.go:27.26,29.5 1 1
github.com/VantageDataChat/GoWord/ooxml/write_images.go:30.9,31.12 1 0
github.com/VantageDataChat/GoWord/ooxml/write_images.go:34.3,42.53 6 1
github.com/VantageDataChat/GoWord/ooxml/write_images.go:42.53,44.4 1 0
github.com/VantageDataChat/GoWord/ooxml/write_images.go:46.2,46.12 1 1
github.com/VantageDataChat/GoWord/ooxml/write_numbering.go:9.41,11.25 2 1
github.com/VantageDataChat/GoWord/ooxml/write_numbering.go:11.25,13.3 1 1
github.com/VantageDataChat/GoWord/ooxml/write_numbering.go:16.2,17.30 2 1
github.com/VantageDataChat/GoWord/ooxml/write_numbering.go:17.30,19.3 1 1
github.com/VantageDataChat/GoWord/ooxml/write_numbering.go:20.2,27.29 6 1
github.com/VantageDataChat/GoWord/ooxml/write_numbering.go:27.29,35.30 6 1
github.com/VantageDataChat/GoWord/ooxml/write_numbering.go:35.30,37.4 1 1
github.com/VantageDataChat/GoWord/ooxml/write_numbering.go:38.3,40.37 2 1
github.com/VantageDataChat/GoWord/ooxml/write_numbering.go:40.37,45.20 4 1
github.com/VantageDataChat/GoWord/ooxml/write_numbering.go:45.20,47.5 1 0
github.com/VantageDataChat/GoWord/ooxml/write_numbering.go:48.4,51.21 3 1
github.com/VantageDataChat/GoWord/ooxml/write_numbering.go:51.21,53.5 1 0
github.com/VantageDataChat/GoWord/ooxml/write_numbering.go:54.4,57.43 3 1
github.com/VantageDataChat/GoWord/ooxml/write_numbering.go:57.43,59.23 2 1
github.com/VantageDataChat/GoWord/ooxml/write_numbering.go:59.23,61.6 1 1
github.com/VantageDataChat/GoWord/ooxml/write_numbering.go:62.5,62.26 1 1
github.com/VantageDataChat/GoWord/ooxml/write_numbering.go:62.26,64.6 1 1
github.com/VantageDataChat/GoWord/ooxml/write_numbering.go:65.5,65.32 1 1
github.com/VantageDataChat/GoWord/ooxml/write_numbering.go:68.4,68.24 1 1
github.com/VantageDataChat/GoWord/ooxml/write_numbering.go:68.24,70.5 1 1
github.com/VantageDataChat/GoWord/ooxml/write_numbering.go:72.4,72.29 1 1
github.com/VantageDataChat/GoWord/ooxml/write_numbering.go:74.3,81.10 5 1
github.com/VantageDataChat/GoWord/ooxml/write_numbering.go:84.2,85.63 2 1
github.com/VantageDataChat/GoWord/ooxml/write_properties.go:8.46,15.19 5 1
github.com/VantageDataChat/GoWord/ooxml/write_properties.go:15.19,17.3 1 1
github.com/VantageDataChat/GoWord/ooxml/write_properties.go:18.2,18.21 1 1
github.com/VantageDataChat/GoWord/ooxml/write_properties.go:18.21,20.3 1 1
github.com/VantageDataChat/GoWord/ooxml/write_properties.go:21.2,21.21 1 1
github.com/VantageDataChat/GoWord/ooxml/write_properties.go:21.21,23.3 1 1
github.com/VantageDataChat/GoWord/ooxml/write_properties.go:24.2,24.22 1 1
github.com/VantageDataChat/GoWord/ooxml/write_properties.go:24.22,26.3 1 1
github.com/VantageDataChat/GoWord/ooxml/write_properties.go:27.2,27.25 1 1
github.com/VantageDataChat/GoWord/ooxml/write_properties.go:27.25,29.3 1 1
github.com/VantageDataChat/GoWord/ooxml/write_properties.go:30.2,30.22 1 1
github.com/VantageDataChat/GoWord/ooxml/write_properties.go:30.22,32.3 1 1
github.com/VantageDataChat/GoWord/ooxml/write_properties.go:33.2,33.28 1 1
github.com/VantageDataChat/GoWord/ooxml/write_properties.go:33.28,35.3 1 1
github.com/VantageDataChat/GoWord/ooxml/write_properties.go:36.2,36.20 1 1
github.com/VantageDataChat/GoWord/ooxml/write_properties.go:36.20,38.3 1 1
github.com/VantageDataChat/GoWord/ooxml/write_properties.go:40.2,46.62 4 1
github.com/VantageDataChat/GoWord/ooxml/write_properties.go:49.45,54.21 5 1
github.com/VantageDataChat/GoWord/ooxml/write_properties.go:54.21,56.3 1 1
github.com/VantageDataChat/GoWord/ooxml/write_properties.go:57.2,57.21 1 1
github.com/VantageDataChat/GoWord/ooxml/write_properties.go:57.21,59.3 1 1
github.com/VantageDataChat/GoWord/ooxml/write_properties.go:60.2,62.61 3 1
github.com/VantageDataChat/GoWord/ooxml/write_rels.go:10.40,19.2 8 1
github.com/VantageDataChat/GoWord/ooxml/write_rels.go:21.39,26.38 3 1
github.com/VantageDataChat/GoWord/ooxml/write_rels.go:26.38,28.3 1 1
github.com/VantageDataChat/GoWord/ooxml/write_rels.go:29.2,29.32 1 1
github.com/VantageDataChat/GoWord/ooxml/write_rels.go:29.32,31.3 1 1
github.com/VantageDataChat/GoWord/ooxml/write_rels.go:32.2,32.31 1 1
github.com/VantageDataChat/GoWord/ooxml/write_rels.go:32.31,34.3 1 1
github.com/VantageDataChat/GoWord/ooxml/write_rels.go:35.2,35.31 1 1
github.com/VantageDataChat/GoWord/ooxml/write_rels.go:35.31,37.3 1 1
github.com/VantageDataChat/GoWord/ooxml/write_rels.go:39.2,42.32 4 1
github.com/VantageDataChat/GoWord/ooxml/write_rels.go:42.32,43.27 1 1
github.com/VantageDataChat/GoWord/ooxml/write_rels.go:43.27,46.4 1 1
github.com/VantageDataChat/GoWord/ooxml/write_rels.go:46.9,49.4 1 1
github.com/VantageDataChat/GoWord/ooxml/write_rels.go:51.2,52.73 2 1
github.com/VantageDataChat/GoWord/ooxml/write_section.go:10.97,11.12 1 1
github.com/VantageDataChat/GoWord/ooxml/write_section.go:11.12,14.3 1 1
github.com/VantageDataChat/GoWord/ooxml/write_section.go:14.8,17.3 1 1
github.com/VantageDataChat/GoWord/ooxml/write_section.go:20.2,20.35 1 1
github.com/VantageDataChat/GoWord/ooxml/write_section.go:20.35,21.33 1 1
github.com/VantageDataChat/GoWord/ooxml/write_section.go:21.33,22.43 1 1
github.com/VantageDataChat/GoWord/ooxml/write_section.go:22.43,25.5 2 1
github.com/VantageDataChat/GoWord/ooxml/write_section.go:28.2,28.35 1 1
github.com/VantageDataChat/GoWord/ooxml/write_section.go:28.35,29.33 1 1
github.com/VantageDataChat/GoWord/ooxml/write_section.go:29.33,30.43 1 1
github.com/VantageDataChat/GoWord/ooxml/write_section.go:30.43,33.5 2 1
github.com/VantageDataChat/GoWord/ooxml/write_section.go:37.2,39.35 3 1
github.com/VantageDataChat/GoWord/ooxml/write_section.go:39.35,41.3 1 1
github.com/VantageDataChat/GoWord/ooxml/write_section.go:42.2,47.24 3 1
github.com/VantageDataChat/GoWord/ooxml/write_section.go:47.24,49.27 2 1
github.com/VantageDataChat/GoWord/ooxml/write_section.go:49.27,51.4 1 1
github.com/VantageDataChat/GoWord/ooxml/write_section.go:52.3,52.22 1 1
github.com/VantageDataChat/GoWord/ooxml/write_section.go:55.2,55.31 1 1
github.com/VantageDataChat/GoWord/ooxml/write_section.go:55.31,57.3 1 1
github.com/VantageDataChat/GoWord/ooxml/write_section.go:59.2,59.54 1 1
github.com/VantageDataChat/GoWord/ooxml/write_section.go:59.54,61.3 1 1
github.com/VantageDataChat/GoWord/ooxml/write_section.go:63.2,63.12 1 1
github.com/VantageDataChat/GoWord/ooxml/write_section.go:63.12,65.3 1 1
github.com/VantageDataChat/GoWord/ooxml/write_section.go:65.8,67.3 1 1
github.com/VantageDataChat/GoWord/ooxml/write_section.go:70.46,74.37 3 1
github.com/VantageDataChat/GoWord/ooxml/write_section.go:74.37,75.33 1 1
github.com/VantageDataChat/GoWord/ooxml/write_section.go:75.33,84.4 4 1
github.com/VantageDataChat/GoWord/ooxml/write_section.go:85.3,85.33 1 1
github.com/VantageDataChat/GoWord/ooxml/write_section.go:85.33,94.4 4 1
github.com/VantageDataChat/GoWord/ooxml/write_section.go:98.63,103.34 4 1
github.com/VantageDataChat/GoWord/ooxml/write_section.go:103.34,105.3 1 1
github.com/VantageDataChat/GoWord/ooxml/write_section.go:106.2,106.26 1 1
github.com/VantageDataChat/GoWord/ooxml/write_section.go:106.26,108.3 1 1
github.com/VantageDataChat/GoWord/ooxml/write_section.go:109.2,110.27 2 1
github.com/VantageDataChat/GoWord/ooxml/write_section.go:113.63,118.34 4 1
github.com/VantageDataChat/GoWord/ooxml/write_section.go:118.34,120.3 1 1
github.com/VantageDataChat/GoWord/ooxml/write_section.go:121.2,121.26 1 1
github.com/VantageDataChat/GoWord/ooxml/write_section.go:121.26,123.3 1 1
github.com/VantageDataChat/GoWord/ooxml/write_section.go:124.2,125.27 2 1
github.com/VantageDataChat/GoWord/ooxml/write_section.go:128.49,129.35 1 1
github.com/VantageDataChat/GoWord/ooxml/write_section.go:129.35,130.71 1 1
github.com/VantageDataChat/GoWord/ooxml/write_section.go:130.71,132.4 1 0
github.com/VantageDataChat/GoWord/ooxml/write_section.go:134.2,134.35 1 1
github.com/VantageDataChat/GoWord/ooxml/write_section.go:134.35,135.71 1 1
github.com/VantageDataChat/GoWord/ooxml/write_section.go:135.71,137.4 1 0
github.com/VantageDataChat/GoWord/ooxml/write_section.go:139.2,139.12 1 1
github.com/VantageDataChat/GoWord/ooxml/write_section.go:142.78,143.35 1 1
github.com/VantageDataChat/GoWord/ooxml/write_section.go:143.35,144.30 1 1
github.com/VantageDataChat/GoWord/ooxml/write_section.go:144.30,146.4 1 1
github.com/VantageDataChat/GoWord/ooxml/write_section.go:148.2,148.14 1 0
github.com/VantageDataChat/GoWord/ooxml/write_section.go:151.78,152.35 1 1
github.com/VantageDataChat/GoWord/ooxml/write_section.go:152.35,153.30 1 1
github.com/VantageDataChat/GoWord/ooxml/write_section.go:153.30,155.4 1 1
github.com/VantageDataChat/GoWord/ooxml/write_section.go:157.2,157.14 1 0
github.com/VantageDataChat/GoWord/ooxml/write_settings.go:8.40,19.2 10 1
github.com/VantageDataChat/GoWord/ooxml/write_styles.go:9.38,35.26 20 1
github.com/VantageDataChat/GoWord/ooxml/write_styles.go:35.26,46.20 11 1
github.com/VantageDataChat/GoWord/ooxml/write_styles.go:46.20,48.4 1 1
github.com/VantageDataChat/GoWord/ooxml/write_styles.go:49.3,53.30 5 1
github.com/VantageDataChat/GoWord/ooxml/write_styles.go:57.2,100.31 32 1
github.com/VantageDataChat/GoWord/ooxml/write_styles.go:100.31,102.3 1 1
github.com/VantageDataChat/GoWord/ooxml/write_styles.go:103.2,104.33 2 1
github.com/VantageDataChat/GoWord/ooxml/write_styles.go:104.33,110.3 5 1
github.com/VantageDataChat/GoWord/ooxml/write_styles.go:113.2,115.31 3 1
github.com/VantageDataChat/GoWord/ooxml/write_styles.go:115.31,117.3 1 1
github.com/VantageDataChat/GoWord/ooxml/write_styles.go:118.2,119.33 2 1
github.com/VantageDataChat/GoWord/ooxml/write_styles.go:119.33,126.3 6 1
github.com/VantageDataChat/GoWord/ooxml/write_styles.go:128.2,129.60 2 1
github.com/VantageDataChat/GoWord/ooxml/writer.go:87.54,89.16 2 1
github.com/VantageDataChat/GoWord/ooxml/writer.go:89.16,91.3 1 0
github.com/VantageDataChat/GoWord/ooxml/writer.go:92.2,93.29 2 1
github.com/VantageDataChat/GoWord/ooxml/writer.go:93.29,94.49 1 1
github.com/VantageDataChat/GoWord/ooxml/writer.go:94.49,96.4 1 0
github.com/VantageDataChat/GoWord/ooxml/writer.go:98.2,98.40 1 1
github.com/VantageDataChat/GoWord/ooxml/writer.go:102.59,110.34 3 1
github.com/VantageDataChat/GoWord/ooxml/writer.go:110.34,112.3 1 1
github.com/VantageDataChat/GoWord/ooxml/writer.go:114.2,114.37 1 1
github.com/VantageDataChat/GoWord/ooxml/writer.go:114.37,116.3 1 0
github.com/VantageDataChat/GoWord/ooxml/writer.go:118.2,118.27 1 1
github.com/VantageDataChat/GoWord/ooxml/writer.go:122.65,124.16 2 1
github.com/VantageDataChat/GoWord/ooxml/writer.go:124.16,126.3 1 0
github.com/VantageDataChat/GoWord/ooxml/writer.go:127.2,128.12 2 1
github.com/VantageDataChat/GoWord/ooxml/writer.go:131.32,136.46 2 1
github.com/VantageDataChat/GoWord/ooxml/writer.go:136.46,138.3 1 0
github.com/VantageDataChat/GoWord/ooxml/writer.go:140.2,140.42 1 1
github.com/VantageDataChat/GoWord/ooxml/writer.go:140.42,142.3 1 0
github.com/VantageDataChat/GoWord/ooxml/writer.go:144.2,144.48 1 1
github.com/VantageDataChat/GoWord/ooxml/writer.go:144.48,146.3 1 0
github.com/VantageDataChat/GoWord/ooxml/writer.go:148.2,148.47 1 1
github.com/VantageDataChat/GoWord/ooxml/writer.go:148.47,150.3 1 0
github.com/VantageDataChat/GoWord/ooxml/writer.go:152.2,152.40 1 1
github.com/VantageDataChat/GoWord/ooxml/writer.go:152.40,154.3 1 0
github.com/VantageDataChat/GoWord/ooxml/writer.go:156.2,156.42 1 1
github.com/VantageDataChat/GoWord/ooxml/writer.go:156.42,158.3 1 0
github.com/VantageDataChat/GoWord/ooxml/writer.go:160.2,160.43 1 1
github.com/VantageDataChat/GoWord/ooxml/writer.go:160.43,162.3 1 0
github.com/VantageDataChat/GoWord/ooxml/writer.go:164.2,164.43 1 1
github.com/VantageDataChat/GoWord/ooxml/writer.go:164.43,166.3 1 0
github.com/VantageDataChat/GoWord/ooxml/writer.go:168.2,168.42 1 1
github.com/VantageDataChat/GoWord/ooxml/writer.go:168.42,170.3 1 0
github.com/VantageDataChat/GoWord/ooxml/writer.go:172.2,172.42 1 1
github.com/VantageDataChat/GoWord/ooxml/writer.go:172.42,174.3 1 0
github.com/VantageDataChat/GoWord/ooxml/writer.go:176.2,176.40 1 1
github.com/VantageDataChat/GoWord/ooxml/writer.go:176.40,178.3 1 1
github.com/VantageDataChat/GoWord/ooxml/writer.go:180.2,180.51 1 1
github.com/VantageDataChat/GoWord/ooxml/writer.go:180.51,182.3 1 0
github.com/VantageDataChat/GoWord/ooxml/writer.go:184.2,184.42 1 1
github.com/VantageDataChat/GoWord/ooxml/writer.go:184.42,186.3 1 0
github.com/VantageDataChat/GoWord/ooxml/writer.go:188.2,188.41 1 1
github.com/VantageDataChat/GoWord/ooxml/writer.go:188.41,190.3 1 0
github.com/VantageDataChat/GoWord/ooxml/writer.go:192.2,192.12 1 1
github.com/VantageDataChat/GoWord/ooxml/writer.go:195.59,200.2 4 1
github.com/VantageDataChat/GoWord/ooxml/writer.go:202.67,207.2 4 1
github.com/VantageDataChat/GoWord/ooxml/writer.go:209.61,211.16 2 1
github.com/VantageDataChat/GoWord/ooxml/writer.go:211.16,213.3 1 0
github.com/VantageDataChat/GoWord/ooxml/writer.go:214.2,215.12 2 1
github.com/VantageDataChat/GoWord/ooxml/writer.go:218.25,220.2 1 1
github.com/VantageDataChat/GoWord/ooxml/writer.go:223.33,227.2 3 1
github.com/VantageDataChat/GoWord/ooxml/writer.go:230.79,231.37 1 1
github.com/VantageDataChat/GoWord/ooxml/writer.go:231.37,233.3 1 1
github.com/VantageDataChat/GoWord/ooxml/writer.go:234.2,238.14 4 1
github.com/VantageDataChat/GoWord/ooxml/writer.go:238.14,240.3 1 1
github.com/VantageDataChat/GoWord/ooxml/writer.go:241.2,241.14 1 1
github.com/VantageDataChat/GoWord/ooxml/writer.go:241.14,244.3 2 0
github.com/VantageDataChat/GoWord/ooxml/writer.go:246.2,246.18 1 1
github.com/VantageDataChat/GoWord/ooxml/writer.go:246.18,248.3 1 1
github.com/VantageDataChat/GoWord/ooxml/writer.go:249.2,249.12 1 1
github.com/VantageDataChat/GoWord/ooxml/writer.go:249.12,251.3 1 1
github.com/VantageDataChat/GoWord/ooxml/writer.go:252.2,252.14 1 1
github.com/VantageDataChat/GoWord/ooxml/writer.go:252.14,254.3 1 1
github.com/VantageDataChat/GoWord/ooxml/writer.go:255.2,255.21 1 1
github.com/VantageDataChat/GoWord/ooxml/writer.go:255.21,257.3 1 1
github.com/VantageDataChat/GoWord/ooxml/writer.go:258.2,258.27 1 1
github.com/VantageDataChat/GoWord/ooxml/writer.go:258.27,260.3 1 1
github.com/VantageDataChat/GoWord/ooxml/writer.go:261.2,261.48 1 1
github.com/VantageDataChat/GoWord/ooxml/writer.go:261.48,263.3 1 1
github.com/VantageDataChat/GoWord/ooxml/writer.go:264.2,264.19 1 1
github.com/VantageDataChat/GoWord/ooxml/writer.go:264.19,266.3 1 1
github.com/VantageDataChat/GoWord/ooxml/writer.go:267.2,267.28 1 1
github.com/VantageDataChat/GoWord/ooxml/writer.go:267.28,269.3 1 1
github.com/VantageDataChat/GoWord/ooxml/writer.go:270.2,270.16 1 1
github.com/VantageDataChat/GoWord/ooxml/writer.go:270.16,274.3 3 1
github.com/VantageDataChat/GoWord/ooxml/writer.go:275.2,275.19 1 1
github.com/VantageDataChat/GoWord/ooxml/writer.go:275.19,277.3 1 1
github.com/VantageDataChat/GoWord/ooxml/writer.go:278.2,278.17 1 1
github.com/VantageDataChat/GoWord/ooxml/writer.go:278.17,280.3 1 1
github.com/VantageDataChat/GoWord/ooxml/writer.go:281.2,281.15 1 1
github.com/VantageDataChat/GoWord/ooxml/writer.go:281.15,283.3 1 1
github.com/VantageDataChat/GoWord/ooxml/writer.go:284.2,284.17 1 1
github.com/VantageDataChat/GoWord/ooxml/writer.go:284.17,286.3 1 1
github.com/VantageDataChat/GoWord/ooxml/writer.go:287.2,287.14 1 1
github.com/VantageDataChat/GoWord/ooxml/writer.go:287.14,289.3 1 1
github.com/VantageDataChat/GoWord/ooxml/writer.go:290.2,290.15 1 1
github.com/VantageDataChat/GoWord/ooxml/writer.go:290.15,292.3 1 1
github.com/VantageDataChat/GoWord/ooxml/writer.go:293.2,293.18 1 1
github.com/VantageDataChat/GoWord/ooxml/writer.go:293.18,295.3 1 1
github.com/VantageDataChat/GoWord/ooxml/writer.go:297.2,298.19 2 1
github.com/VantageDataChat/GoWord/ooxml/writer.go:302.72,303.34 1 1
github.com/VantageDataChat/GoWord/ooxml/writer.go:303.34,305.3 1 1
github.com/VantageDataChat/GoWord/ooxml/writer.go:306.2,309.21 3 1
github.com/VantageDataChat/GoWord/ooxml/writer.go:309.21,311.3 1 1
github.com/VantageDataChat/GoWord/ooxml/writer.go:313.2,313.15 1 1
github.com/VantageDataChat/GoWord/ooxml/writer.go:313.15,314.60 1 1
github.com/VantageDataChat/GoWord/ooxml/writer.go:314.60,316.4 1 1
github.com/VantageDataChat/GoWord/ooxml/writer.go:317.3,317.68 1 1
github.com/VantageDataChat/GoWord/ooxml/writer.go:317.68,319.26 2 1
github.com/VantageDataChat/GoWord/ooxml/writer.go:319.26,321.5 1 1
github.com/VantageDataChat/GoWord/ooxml/writer.go:322.4,322.25 1 1
github.com/VantageDataChat/GoWord/ooxml/writer.go:322.25,324.5 1 1
github.com/VantageDataChat/GoWord/ooxml/writer.go:325.4,325.26 1 1
github.com/VantageDataChat/GoWord/ooxml/writer.go:325.26,327.19 2 1
github.com/VantageDataChat/GoWord/ooxml/writer.go:327.19,329.6 1 1
github.com/VantageDataChat/GoWord/ooxml/writer.go:330.5,330.85 1 1
github.com/VantageDataChat/GoWord/ooxml/writer.go:332.4,332.23 1 1
github.com/VantageDataChat/GoWord/ooxml/writer.go:334.3,334.80 1 1
github.com/VantageDataChat/GoWord/ooxml/writer.go:334.80,336.21 2 1
github.com/VantageDataChat/GoWord/ooxml/writer.go:336.21,338.5 1 1
github.com/VantageDataChat/GoWord/ooxml/writer.go:339.4,339.26 1 1
github.com/VantageDataChat/GoWord/ooxml/writer.go:339.26,341.5 1 1
github.com/VantageDataChat/GoWord/ooxml/writer.go:342.4,342.24 1 1
github.com/VantageDataChat/GoWord/ooxml/writer.go:342.24,344.5 1 1
github.com/VantageDataChat/GoWord/ooxml/writer.go:345.4,345.22 1 1
github.com/VantageDataChat/GoWord/ooxml/writer.go:345.22,347.5 1 1
github.com/VantageDataChat/GoWord/ooxml/writer.go:348.4,348.23 1 1
github.com/VantageDataChat/GoWord/ooxml/writer.go:350.3,350.18 1 1
github.com/VantageDataChat/GoWord/ooxml/writer.go:350.18,352.4 1 1
github.com/VantageDataChat/GoWord/ooxml/writer.go:353.3,353.19 1 1
github.com/VantageDataChat/GoWord/ooxml/writer.go:353.19,355.4 1 1
github.com/VantageDataChat/GoWord/ooxml/writer.go:356.3,356.25 1 1
github.com/VantageDataChat/GoWord/ooxml/writer.go:356.25,358.4 1 1
github.com/VantageDataChat/GoWord/ooxml/writer.go:359.3,359.22 1 1
github.com/VantageDataChat/GoWord/ooxml/writer.go:359.22,361.4 1 1
github.com/VantageDataChat/GoWord/ooxml/writer.go:362.3,362.28 1 1
github.com/VantageDataChat/GoWord/ooxml/writer.go:362.28,367.4 4 1
github.com/VantageDataChat/GoWord/ooxml/writer.go:368.3,368.24 1 1
github.com/VantageDataChat/GoWord/ooxml/writer.go:368.24,371.4 1 1
github.com/VantageDataChat/GoWord/ooxml/writer.go:372.3,372.31 1 1
github.com/VantageDataChat/GoWord/ooxml/writer.go:375.2,376.19 2 1
github.com/VantageDataChat/GoWord/ooxml/writer.go:379.72,380.20 1 1
github.com/VantageDataChat/GoWord/ooxml/writer.go:380.20,382.3 1 1
github.com/VantageDataChat/GoWord/ooxml/writer.go:383.2,388.28 6 1
github.com/VantageDataChat/GoWord/ooxml/writer.go:391.73,392.19 1 1
github.com/VantageDataChat/GoWord/ooxml/writer.go:392.19,394.3 1 1
github.com/VantageDataChat/GoWord/ooxml/writer.go:395.2,396.64 1 1
github.com/VantageDataChat/GoWord/ooxml/writer.go:400.45,401.18 1 1
github.com/VantageDataChat/GoWord/ooxml/writer.go:402.19,403.15 1 1
github.com/VantageDataChat/GoWord/ooxml/writer.go:404.33,405.16 1 1
github.com/VantageDataChat/GoWord/ooxml/writer.go:406.19,407.15 1 1
github.com/VantageDataChat/GoWord/ooxml/writer.go:408.19,409.15 1 1
github.com/VantageDataChat/GoWord/ooxml/writer.go:410.20,411.16 1 1
github.com/VantageDataChat/GoWord/ooxml/writer.go:412.10,413.15 1 1
github.com/VantageDataChat/GoWord/ooxml/writer.go:418.42,419.13 1 1
github.com/VantageDataChat/GoWord/ooxml/writer.go:420.13,421.21 1 1
github.com/VantageDataChat/GoWord/ooxml/writer.go:422.21,423.22 1 1
github.com/VantageDataChat/GoWord/ooxml/writer.go:424.13,425.21 1 1
github.com/VantageDataChat/GoWord/ooxml/writer.go:426.13,427.21 1 1
github.com/VantageDataChat/GoWord/ooxml/writer.go:428.21,429.22 1 1
github.com/VantageDataChat/GoWord/ooxml/writer.go:430.10,431.21 1 1
